/Users/ashutoshsaxena/Library/Python/3.9/lib/python/site-packages/google/oauth2/__init__.py:40: FutureWarning: You are using a Python version 3.9 past its end of life. Google will update google-auth with critical bug fixes on a best-effort basis, but not with any other fixes or features. Please upgrade your Python version, and then update google-auth.
  warnings.warn(eol_message.format("3.9"), FutureWarning)
/Users/ashutoshsaxena/Library/Python/3.9/lib/python/site-packages/google/auth/__init__.py:54: FutureWarning: You are using a Python version 3.9 past its end of life. Google will update google-auth with critical bug fixes on a best-effort basis, but not with any other fixes or features. Please upgrade your Python version, and then update google-auth.
  warnings.warn(eol_message.format("3.9"), FutureWarning)
/Users/ashutoshsaxena/Library/Python/3.9/lib/python/site-packages/google/api_core/_python_version_support.py:246: FutureWarning: You are using a non-supported Python version (3.9.6). Google will not post any further updates to google.api_core supporting this Python version. Please upgrade to the latest Python version, or at least Python 3.10, and then update google.api_core.
  warnings.warn(message, FutureWarning)
/Users/ashutoshsaxena/Library/Python/3.9/lib/python/site-packages/urllib3/__init__.py:35: NotOpenSSLWarning: urllib3 v2 only supports OpenSSL 1.1.1+, currently the 'ssl' module is compiled with 'LibreSSL 2.8.3'. See: https://github.com/urllib3/urllib3/issues/3020
  warnings.warn(
Error initializing Earth Engine: HTTPSConnectionPool(host='oauth2.googleapis.com', port=443): Max retries exceeded with url: /token (Caused by NameResolutionError("<urllib3.connection.HTTPSConnection object at 0x10c6df730>: Failed to resolve 'oauth2.googleapis.com' ([Errno 8] nodename nor servname provided, or not known)"))
Traceback (most recent call last):
  File "/Users/ashutoshsaxena/Library/Python/3.9/lib/python/site-packages/urllib3/connection.py", line 199, in _new_conn
    sock = connection.create_connection(
  File "/Users/ashutoshsaxena/Library/Python/3.9/lib/python/site-packages/urllib3/util/connection.py", line 60, in create_connection
    for res in socket.getaddrinfo(host, port, family, socket.SOCK_STREAM):
  File "/Applications/Xcode.app/Contents/Developer/Library/Frameworks/Python3.framework/Versions/3.9/lib/python3.9/socket.py", line 953, in getaddrinfo
    for res in _socket.getaddrinfo(host, port, family, type, proto, flags):
socket.gaierror: [Errno 8] nodename nor servname provided, or not known

The above exception was the direct cause of the following exception:

Traceback (most recent call last):
  File "/Users/ashutoshsaxena/Library/Python/3.9/lib/python/site-packages/urllib3/connectionpool.py", line 789, in urlopen
    response = self._make_request(
  File "/Users/ashutoshsaxena/Library/Python/3.9/lib/python/site-packages/urllib3/connectionpool.py", line 490, in _make_request
    raise new_e
  File "/Users/ashutoshsaxena/Library/Python/3.9/lib/python/site-packages/urllib3/connectionpool.py", line 466, in _make_request
    self._validate_conn(conn)
  File "/Users/ashutoshsaxena/Library/Python/3.9/lib/python/site-packages/urllib3/connectionpool.py", line 1095, in _validate_conn
    conn.connect()
  File "/Users/ashutoshsaxena/Library/Python/3.9/lib/python/site-packages/urllib3/connection.py", line 693, in connect
    self.sock = sock = self._new_conn()
  File "/Users/ashutoshsaxena/Library/Python/3.9/lib/python/site-packages/urllib3/connection.py", line 206, in _new_conn
    raise NameResolutionError(self.host, self, e) from e
urllib3.exceptions.NameResolutionError: <urllib3.connection.HTTPSConnection object at 0x10c6df730>: Failed to resolve 'oauth2.googleapis.com' ([Errno 8] nodename nor servname provided, or not known)

The above exception was the direct cause of the following exception:

Traceback (most recent call last):
  File "/Users/ashutoshsaxena/Library/Python/3.9/lib/python/site-packages/requests/adapters.py", line 667, in send
    resp = conn.urlopen(
  File "/Users/ashutoshsaxena/Library/Python/3.9/lib/python/site-packages/urllib3/connectionpool.py", line 843, in urlopen
    retries = retries.increment(
  File "/Users/ashutoshsaxena/Library/Python/3.9/lib/python/site-packages/urllib3/util/retry.py", line 519, in increment
    raise MaxRetryError(_pool, url, reason) from reason  # type: ignore[arg-type]
urllib3.exceptions.MaxRetryError: HTTPSConnectionPool(host='oauth2.googleapis.com', port=443): Max retries exceeded with url: /token (Caused by NameResolutionError("<urllib3.connection.HTTPSConnection object at 0x10c6df730>: Failed to resolve 'oauth2.googleapis.com' ([Errno 8] nodename nor servname provided, or not known)"))

During handling of the above exception, another exception occurred:

Traceback (most recent call last):
  File "/Users/ashutoshsaxena/Library/Python/3.9/lib/python/site-packages/google/auth/transport/requests.py", line 188, in __call__
    response = self.session.request(
  File "/Users/ashutoshsaxena/Library/Python/3.9/lib/python/site-packages/requests/sessions.py", line 589, in request
    resp = self.send(prep, **send_kwargs)
  File "/Users/ashutoshsaxena/Library/Python/3.9/lib/python/site-packages/requests/sessions.py", line 703, in send
    r = adapter.send(request, **kwargs)
  File "/Users/ashutoshsaxena/Library/Python/3.9/lib/python/site-packages/requests/adapters.py", line 700, in send
    raise ConnectionError(e, request=request)
requests.exceptions.ConnectionError: HTTPSConnectionPool(host='oauth2.googleapis.com', port=443): Max retries exceeded with url: /token (Caused by NameResolutionError("<urllib3.connection.HTTPSConnection object at 0x10c6df730>: Failed to resolve 'oauth2.googleapis.com' ([Errno 8] nodename nor servname provided, or not known)"))

The above exception was the direct cause of the following exception:

Traceback (most recent call last):
  File "/Users/ashutoshsaxena/Desktop/Geo-Engine-Terrain-Classifier/scripts/band_ablation.py", line 683, in <module>
    main()
  File "/Users/ashutoshsaxena/Desktop/Geo-Engine-Terrain-Classifier/scripts/band_ablation.py", line 679, in main
    args.func(args)
  File "/Users/ashutoshsaxena/Desktop/Geo-Engine-Terrain-Classifier/scripts/band_ablation.py", line 302, in cmd_sample
    init_ee()
  File "/Users/ashutoshsaxena/Desktop/Geo-Engine-Terrain-Classifier/backend/gee_classifier.py", line 108, in init_ee
    raise e
  File "/Users/ashutoshsaxena/Desktop/Geo-Engine-Terrain-Classifier/backend/gee_classifier.py", line 103, in init_ee
    ee.Initialize(project=EE_PROJECT_ID)
  File "/Users/ashutoshsaxena/Library/Python/3.9/lib/python/site-packages/ee/_utils.py", line 38, in wrapper
    return func(*args, **kwargs)
  File "/Users/ashutoshsaxena/Library/Python/3.9/lib/python/site-packages/ee/__init__.py", line 188, in Initialize
    credentials = data.get_persistent_credentials()
  File "/Users/ashutoshsaxena/Library/Python/3.9/lib/python/site-packages/ee/data.py", line 235, in get_persistent_credentials
    if oauth.is_valid_credentials(credentials):
  File "/Users/ashutoshsaxena/Library/Python/3.9/lib/python/site-packages/ee/oauth.py", line 141, in is_valid_credentials
    credentials.refresh(google.auth.transport.requests.Request())
  File "/Users/ashutoshsaxena/Library/Python/3.9/lib/python/site-packages/google/oauth2/credentials.py", line 412, in refresh
    ) = reauth.refresh_grant(
  File "/Users/ashutoshsaxena/Library/Python/3.9/lib/python/site-packages/google/oauth2/reauth.py", line 337, in refresh_grant
    ) = _client._token_endpoint_request_no_throw(
  File "/Users/ashutoshsaxena/Library/Python/3.9/lib/python/site-packages/google/oauth2/_client.py", line 192, in _token_endpoint_request_no_throw
    response = request(
  File "/Users/ashutoshsaxena/Library/Python/3.9/lib/python/site-packages/google/auth/transport/requests.py", line 195, in __call__
    raise new_exc from caught_exc
google.auth.exceptions.TransportError: HTTPSConnectionPool(host='oauth2.googleapis.com', port=443): Max retries exceeded with url: /token (Caused by NameResolutionError("<urllib3.connection.HTTPSConnection object at 0x10c6df730>: Failed to resolve 'oauth2.googleapis.com' ([Errno 8] nodename nor servname provided, or not known)"))
/Users/ashutoshsaxena/Library/Python/3.9/lib/python/site-packages/google/oauth2/__init__.py:40: FutureWarning: You are using a Python version 3.9 past its end of life. Google will update google-auth with critical bug fixes on a best-effort basis, but not with any other fixes or features. Please upgrade your Python version, and then update google-auth.
  warnings.warn(eol_message.format("3.9"), FutureWarning)
/Users/ashutoshsaxena/Library/Python/3.9/lib/python/site-packages/google/auth/__init__.py:54: FutureWarning: You are using a Python version 3.9 past its end of life. Google will update google-auth with critical bug fixes on a best-effort basis, but not with any other fixes or features. Please upgrade your Python version, and then update google-auth.
  warnings.warn(eol_message.format("3.9"), FutureWarning)
/Users/ashutoshsaxena/Library/Python/3.9/lib/python/site-packages/google/api_core/_python_version_support.py:246: FutureWarning: You are using a non-supported Python version (3.9.6). Google will not post any further updates to google.api_core supporting this Python version. Please upgrade to the latest Python version, or at least Python 3.10, and then update google.api_core.
  warnings.warn(message, FutureWarning)
/Users/ashutoshsaxena/Library/Python/3.9/lib/python/site-packages/urllib3/__init__.py:35: NotOpenSSLWarning: urllib3 v2 only supports OpenSSL 1.1.1+, currently the 'ssl' module is compiled with 'LibreSSL 2.8.3'. See: https://github.com/urllib3/urllib3/issues/3020
  warnings.warn(
Error initializing Earth Engine: HTTPSConnectionPool(host='oauth2.googleapis.com', port=443): Max retries exceeded with url: /token (Caused by NameResolutionError("<urllib3.connection.HTTPSConnection object at 0x10aa7e490>: Failed to resolve 'oauth2.googleapis.com' ([Errno 8] nodename nor servname provided, or not known)"))
Traceback (most recent call last):
  File "/Users/ashutoshsaxena/Library/Python/3.9/lib/python/site-packages/urllib3/connection.py", line 199, in _new_conn
    sock = connection.create_connection(
  File "/Users/ashutoshsaxena/Library/Python/3.9/lib/python/site-packages/urllib3/util/connection.py", line 60, in create_connection
    for res in socket.getaddrinfo(host, port, family, socket.SOCK_STREAM):
  File "/Applications/Xcode.app/Contents/Developer/Library/Frameworks/Python3.framework/Versions/3.9/lib/python3.9/socket.py", line 953, in getaddrinfo
    for res in _socket.getaddrinfo(host, port, family, type, proto, flags):
socket.gaierror: [Errno 8] nodename nor servname provided, or not known

The above exception was the direct cause of the following exception:

Traceback (most recent call last):
  File "/Users/ashutoshsaxena/Library/Python/3.9/lib/python/site-packages/urllib3/connectionpool.py", line 789, in urlopen
    response = self._make_request(
  File "/Users/ashutoshsaxena/Library/Python/3.9/lib/python/site-packages/urllib3/connectionpool.py", line 490, in _make_request
    raise new_e
  File "/Users/ashutoshsaxena/Library/Python/3.9/lib/python/site-packages/urllib3/connectionpool.py", line 466, in _make_request
    self._validate_conn(conn)
  File "/Users/ashutoshsaxena/Library/Python/3.9/lib/python/site-packages/urllib3/connectionpool.py", line 1095, in _validate_conn
    conn.connect()
  File "/Users/ashutoshsaxena/Library/Python/3.9/lib/python/site-packages/urllib3/connection.py", line 693, in connect
    self.sock = sock = self._new_conn()
  File "/Users/ashutoshsaxena/Library/Python/3.9/lib/python/site-packages/urllib3/connection.py", line 206, in _new_conn
    raise NameResolutionError(self.host, self, e) from e
urllib3.exceptions.NameResolutionError: <urllib3.connection.HTTPSConnection object at 0x10aa7e490>: Failed to resolve 'oauth2.googleapis.com' ([Errno 8] nodename nor servname provided, or not known)

The above exception was the direct cause of the following exception:

Traceback (most recent call last):
  File "/Users/ashutoshsaxena/Library/Python/3.9/lib/python/site-packages/requests/adapters.py", line 667, in send
    resp = conn.urlopen(
  File "/Users/ashutoshsaxena/Library/Python/3.9/lib/python/site-packages/urllib3/connectionpool.py", line 843, in urlopen
    retries = retries.increment(
  File "/Users/ashutoshsaxena/Library/Python/3.9/lib/python/site-packages/urllib3/util/retry.py", line 519, in increment
    raise MaxRetryError(_pool, url, reason) from reason  # type: ignore[arg-type]
urllib3.exceptions.MaxRetryError: HTTPSConnectionPool(host='oauth2.googleapis.com', port=443): Max retries exceeded with url: /token (Caused by NameResolutionError("<urllib3.connection.HTTPSConnection object at 0x10aa7e490>: Failed to resolve 'oauth2.googleapis.com' ([Errno 8] nodename nor servname provided, or not known)"))

During handling of the above exception, another exception occurred:

Traceback (most recent call last):
  File "/Users/ashutoshsaxena/Library/Python/3.9/lib/python/site-packages/google/auth/transport/requests.py", line 188, in __call__
    response = self.session.request(
  File "/Users/ashutoshsaxena/Library/Python/3.9/lib/python/site-packages/requests/sessions.py", line 589, in request
    resp = self.send(prep, **send_kwargs)
  File "/Users/ashutoshsaxena/Library/Python/3.9/lib/python/site-packages/requests/sessions.py", line 703, in send
    r = adapter.send(request, **kwargs)
  File "/Users/ashutoshsaxena/Library/Python/3.9/lib/python/site-packages/requests/adapters.py", line 700, in send
    raise ConnectionError(e, request=request)
requests.exceptions.ConnectionError: HTTPSConnectionPool(host='oauth2.googleapis.com', port=443): Max retries exceeded with url: /token (Caused by NameResolutionError("<urllib3.connection.HTTPSConnection object at 0x10aa7e490>: Failed to resolve 'oauth2.googleapis.com' ([Errno 8] nodename nor servname provided, or not known)"))

The above exception was the direct cause of the following exception:

Traceback (most recent call last):
  File "/Users/ashutoshsaxena/Desktop/Geo-Engine-Terrain-Classifier/scripts/band_ablation.py", line 683, in <module>
    main()
  File "/Users/ashutoshsaxena/Desktop/Geo-Engine-Terrain-Classifier/scripts/band_ablation.py", line 679, in main
    args.func(args)
  File "/Users/ashutoshsaxena/Desktop/Geo-Engine-Terrain-Classifier/scripts/band_ablation.py", line 302, in cmd_sample
    init_ee()
  File "/Users/ashutoshsaxena/Desktop/Geo-Engine-Terrain-Classifier/backend/gee_classifier.py", line 108, in init_ee
    raise e
  File "/Users/ashutoshsaxena/Desktop/Geo-Engine-Terrain-Classifier/backend/gee_classifier.py", line 103, in init_ee
    ee.Initialize(project=EE_PROJECT_ID)
  File "/Users/ashutoshsaxena/Library/Python/3.9/lib/python/site-packages/ee/_utils.py", line 38, in wrapper
    return func(*args, **kwargs)
  File "/Users/ashutoshsaxena/Library/Python/3.9/lib/python/site-packages/ee/__init__.py", line 188, in Initialize
    credentials = data.get_persistent_credentials()
  File "/Users/ashutoshsaxena/Library/Python/3.9/lib/python/site-packages/ee/data.py", line 235, in get_persistent_credentials
    if oauth.is_valid_credentials(credentials):
  File "/Users/ashutoshsaxena/Library/Python/3.9/lib/python/site-packages/ee/oauth.py", line 141, in is_valid_credentials
    credentials.refresh(google.auth.transport.requests.Request())
  File "/Users/ashutoshsaxena/Library/Python/3.9/lib/python/site-packages/google/oauth2/credentials.py", line 412, in refresh
    ) = reauth.refresh_grant(
  File "/Users/ashutoshsaxena/Library/Python/3.9/lib/python/site-packages/google/oauth2/reauth.py", line 337, in refresh_grant
    ) = _client._token_endpoint_request_no_throw(
  File "/Users/ashutoshsaxena/Library/Python/3.9/lib/python/site-packages/google/oauth2/_client.py", line 192, in _token_endpoint_request_no_throw
    response = request(
  File "/Users/ashutoshsaxena/Library/Python/3.9/lib/python/site-packages/google/auth/transport/requests.py", line 195, in __call__
    raise new_exc from caught_exc
google.auth.exceptions.TransportError: HTTPSConnectionPool(host='oauth2.googleapis.com', port=443): Max retries exceeded with url: /token (Caused by NameResolutionError("<urllib3.connection.HTTPSConnection object at 0x10aa7e490>: Failed to resolve 'oauth2.googleapis.com' ([Errno 8] nodename nor servname provided, or not known)"))
