Google Earth Engine initialized successfully with project 'plenary-line-461306-s8'
landed winter:Anuppur s2=  75 valid=1.000 s1=  5
landed winter:Ashoknagar s2=  44 valid=1.000 s1= 10
landed winter:Balaghat s2=  53 valid=1.000 s1= 15
landed winter:Barwani s2=  37 valid=1.000 s1= 10
landed winter:Betul s2=  56 valid=1.000 s1= 15
landed winter:Bhind s2=  39 valid=1.000 s1= 10
landed winter:Bhopal s2=  14 valid=1.000 s1=  5
landed winter:Burhanpur s2=  24 valid=1.000 s1= 15
landed winter:Chhatarpur s2= 104 valid=1.000 s1= 15
landed winter:Chhindwara s2= 167 valid=1.000 s1= 15
landed winter:Damoh s2=  63 valid=1.000 s1= 10
landed winter:Datia s2=  23 valid=1.000 s1= 20
landed winter:Dewas s2=  68 valid=1.000 s1= 20
landed winter:Dhar s2=  40 valid=1.000 s1=  5
landed winter:Dindori s2=  61 valid=1.000 s1= 10
landed winter:East Nimar s2=  60 valid=1.000 s1= 20
landed winter:Guna s2=  68 valid=1.000 s1= 20
landed winter:Gwalior s2=  53 valid=1.000 s1= 10
landed winter:Harda s2=  40 valid=1.000 s1=  5
landed winter:Hoshangabad s2=  54 valid=1.000 s1= 20
landed winter:Indore s2=  36 valid=1.000 s1= 10
landed winter:Jabalpur s2=  36 valid=1.000 s1= 10
landed winter:Jhabua s2=  82 valid=1.000 s1= 20
landed winter:Katni s2=  36 valid=1.000 s1= 20
landed winter:Mandla s2=  39 valid=1.000 s1= 20
landed winter:Mandsaur s2=  36 valid=1.000 s1=  5
landed winter:Morena s2=  38 valid=1.000 s1= 20
landed winter:Narsinghpur s2=  45 valid=1.000 s1= 15
landed winter:Neemuch s2=  53 valid=1.000 s1= 15
landed winter:Panna s2=  52 valid=1.000 s1= 15
landed winter:Raisen s2=  48 valid=1.000 s1= 15
landed winter:Rajgarh s2=  66 valid=1.000 s1= 10
landed winter:Ratlam s2=  46 valid=1.000 s1= 15
landed winter:Rewa s2=  47 valid=1.000 s1= 15
landed winter:Sagar s2= 104 valid=1.000 s1= 20
landed winter:Satna s2=  33 valid=1.000 s1= 10
landed winter:Sehore s2=  84 valid=1.000 s1= 20
landed winter:Seoni s2=  69 valid=1.000 s1= 15
landed winter:Shahdol s2=  56 valid=1.000 s1= 10
landed winter:Shajapur s2=  83 valid=1.000 s1= 15
landed winter:Sheopur s2=  59 valid=1.000 s1= 15
landed winter:Shivpuri s2=  69 valid=1.000 s1= 10
landed winter:Sidhi s2=  66 valid=1.000 s1= 10
landed winter:Tikamgarh s2=  47 valid=1.000 s1= 10
landed winter:Ujjain s2=  35 valid=1.000 s1= 10
landed winter:Umaria s2=  37 valid=1.000 s1= 20
landed winter:Vidisha s2=  62 valid=1.000 s1=  5
landed winter:West Nimar s2=  53 valid=1.000 s1= 20
landed summer:Anuppur s2=  70 valid=1.000 s1=  5
landed summer:Ashoknagar s2=  47 valid=1.000 s1= 10
landed summer:Balaghat s2=  42 valid=1.000 s1= 15
landed summer:Barwani s2=  38 valid=1.000 s1= 10
landed summer:Betul s2=  49 valid=1.000 s1= 15
landed summer:Bhind s2=  38 valid=1.000 s1= 10
landed summer:Bhopal s2=  14 valid=1.000 s1=  5
landed summer:Burhanpur s2=  24 valid=1.000 s1= 15
landed summer:Chhatarpur s2= 109 valid=1.000 s1= 15
landed summer:Chhindwara s2= 148 valid=1.000 s1= 15
landed summer:Damoh s2=  60 valid=1.000 s1= 10
landed summer:Datia s2=  21 valid=1.000 s1= 20
landed summer:Dewas s2=  63 valid=1.000 s1= 20
landed summer:Dhar s2=  40 valid=1.000 s1=  5
landed summer:Dindori s2=  46 valid=1.000 s1= 10
landed summer:East Nimar s2=  58 valid=1.000 s1= 20
landed summer:Guna s2=  64 valid=1.000 s1= 20
landed summer:Gwalior s2=  52 valid=1.000 s1= 10
landed summer:Harda s2=  37 valid=1.000 s1=  5
landed summer:Hoshangabad s2=  43 valid=1.000 s1= 20
landed summer:Indore s2=  32 valid=1.000 s1= 10
landed summer:Jabalpur s2=  35 valid=1.000 s1= 10
landed summer:Jhabua s2=  86 valid=1.000 s1= 20
landed summer:Katni s2=  38 valid=1.000 s1= 20
landed summer:Mandla s2=  36 valid=1.000 s1= 20
landed summer:Mandsaur s2=  43 valid=1.000 s1=  5
landed summer:Morena s2=  38 valid=1.000 s1= 20
landed summer:Narsinghpur s2=  42 valid=1.000 s1= 15
landed summer:Neemuch s2=  66 valid=1.000 s1= 15
landed summer:Panna s2=  52 valid=1.000 s1= 15
landed summer:Raisen s2=  43 valid=1.000 s1= 15
landed summer:Rajgarh s2=  59 valid=1.000 s1= 10
landed summer:Ratlam s2=  54 valid=1.000 s1= 15
landed summer:Rewa s2=  48 valid=1.000 s1= 15
landed summer:Sagar s2= 100 valid=1.000 s1= 20
landed summer:Satna s2=  33 valid=1.000 s1= 10
landed summer:Sehore s2=  74 valid=1.000 s1= 20
landed summer:Seoni s2=  59 valid=1.000 s1= 15
landed summer:Shahdol s2=  51 valid=1.000 s1= 10
landed summer:Shajapur s2=  81 valid=1.000 s1= 15
landed summer:Sheopur s2=  67 valid=1.000 s1= 15
landed summer:Shivpuri s2=  70 valid=1.000 s1= 10
landed summer:Sidhi s2=  70 valid=1.000 s1=  9
landed summer:Tikamgarh s2=  47 valid=1.000 s1= 10
landed summer:Ujjain s2=  37 valid=1.000 s1= 10
landed summer:Umaria s2=  32 valid=1.000 s1= 20
landed summer:Vidisha s2=  52 valid=1.000 s1=  5
landed summer:West Nimar s2=  51 valid=1.000 s1= 20

winter: 48 districts
  s2_scenes          mean   55.417  min   14.000  median   53.000  max  167.000
  s2_valid_fraction  mean    1.000  min    1.000  median    1.000  max    1.000
  s1_scenes          mean   13.542  min    5.000  median   15.000  max   20.000
  districts with no in-window Sentinel-1: 0
  districts with incomplete optical cover (<99%): 0

summer: 48 districts
  s2_scenes          mean   53.312  min   14.000  median   49.000  max  148.000
  s2_valid_fraction  mean    1.000  min    1.000  median    1.000  max    1.000
  s1_scenes          mean   13.521  min    5.000  median   15.000  max   20.000
  districts with no in-window Sentinel-1: 0
  districts with incomplete optical cover (<99%): 0
wrote /Users/ashutoshsaxena/Desktop/CODE-SEM5/Geo-Engine-Terrain-Classifier/doc/assets/mp_composite_depth.json
