Google Earth Engine initialized successfully with project 'plenary-line-461306-s8'
retry district-list attempt=1: Too Many Requests: Exceeded Earth Engine concurrency limit. Your project is in Restricted Mode. Learn more at https://developers.google.com/earth-engine/guides/noncommercial_tiers#restricted_mode
retry district-list attempt=2: Too Many Requests: Exceeded Earth Engine concurrency limit. Your project is in Restricted Mode. Learn more at https://developers.google.com/earth-engine/guides/noncommercial_tiers#restricted_mode
evaluate winter:Barwani classifiers=13 attempt=1
retry winter:Barwani: Too Many Requests: Exceeded Earth Engine concurrency limit. Your project is in Restricted Mode. Learn more at https://developers.google.com/earth-engine/guides/noncommercial_tiers#restricted_mode
evaluate winter:Barwani classifiers=13 attempt=2
landed winter:Barwani samples=100
evaluate winter:Burhanpur classifiers=13 attempt=1
landed winter:Burhanpur samples=100
evaluate winter:Datia classifiers=13 attempt=1
landed winter:Datia samples=100
evaluate winter:East Nimar classifiers=13 attempt=1
landed winter:East Nimar samples=100
evaluate winter:Hoshangabad classifiers=13 attempt=1
landed winter:Hoshangabad samples=100
evaluate winter:Katni classifiers=13 attempt=1
landed winter:Katni samples=99
evaluate winter:Narsinghpur classifiers=13 attempt=1
landed winter:Narsinghpur samples=100
evaluate winter:Rajgarh classifiers=13 attempt=1
landed winter:Rajgarh samples=100
evaluate winter:Satna classifiers=13 attempt=1
landed winter:Satna samples=100
evaluate winter:Shajapur classifiers=13 attempt=1
landed winter:Shajapur samples=100
evaluate winter:Tikamgarh classifiers=13 attempt=1
landed winter:Tikamgarh samples=100
evaluate winter:West Nimar classifiers=13 attempt=1
landed winter:West Nimar samples=100
evaluate summer:Barwani classifiers=13 attempt=1
landed summer:Barwani samples=93
evaluate summer:Burhanpur classifiers=13 attempt=1
landed summer:Burhanpur samples=80
evaluate summer:Datia classifiers=13 attempt=1
landed summer:Datia samples=100
evaluate summer:East Nimar classifiers=13 attempt=1
retry summer:East Nimar: Too Many Requests: Exceeded Earth Engine concurrency limit. Your project is in Restricted Mode. Learn more at https://developers.google.com/earth-engine/guides/noncommercial_tiers#restricted_mode
evaluate summer:East Nimar classifiers=13 attempt=2
landed summer:East Nimar samples=80
evaluate summer:Hoshangabad classifiers=13 attempt=1
landed summer:Hoshangabad samples=100
evaluate summer:Katni classifiers=13 attempt=1
landed summer:Katni samples=98
evaluate summer:Narsinghpur classifiers=13 attempt=1
landed summer:Narsinghpur samples=100
evaluate summer:Rajgarh classifiers=13 attempt=1
landed summer:Rajgarh samples=100
evaluate summer:Satna classifiers=13 attempt=1
landed summer:Satna samples=100
evaluate summer:Shajapur classifiers=13 attempt=1
landed summer:Shajapur samples=94
evaluate summer:Tikamgarh classifiers=13 attempt=1
landed summer:Tikamgarh samples=100
evaluate summer:West Nimar classifiers=13 attempt=1
landed summer:West Nimar samples=100
wrote doc/assets/mp_external_shards_v7_worker_3.json
