/Users/ashutoshsaxena/Library/Python/3.9/lib/python/site-packages/google/oauth2/__init__.py:40: FutureWarning: You are using a Python version 3.9 past its end of life. Google will update google-auth with critical bug fixes on a best-effort basis, but not with any other fixes or features. Please upgrade your Python version, and then update google-auth.
  warnings.warn(eol_message.format("3.9"), FutureWarning)
/Users/ashutoshsaxena/Library/Python/3.9/lib/python/site-packages/google/auth/__init__.py:54: FutureWarning: You are using a Python version 3.9 past its end of life. Google will update google-auth with critical bug fixes on a best-effort basis, but not with any other fixes or features. Please upgrade your Python version, and then update google-auth.
  warnings.warn(eol_message.format("3.9"), FutureWarning)
/Users/ashutoshsaxena/Library/Python/3.9/lib/python/site-packages/google/api_core/_python_version_support.py:246: FutureWarning: You are using a non-supported Python version (3.9.6). Google will not post any further updates to google.api_core supporting this Python version. Please upgrade to the latest Python version, or at least Python 3.10, and then update google.api_core.
  warnings.warn(message, FutureWarning)
/Users/ashutoshsaxena/Library/Python/3.9/lib/python/site-packages/urllib3/__init__.py:35: NotOpenSSLWarning: urllib3 v2 only supports OpenSSL 1.1.1+, currently the 'ssl' module is compiled with 'LibreSSL 2.8.3'. See: https://github.com/urllib3/urllib3/issues/3020
  warnings.warn(
Google Earth Engine initialized successfully with project 'plenary-line-461306-s8'
evaluate winter:Ashoknagar classifiers=10 attempt=1
landed winter:Ashoknagar samples=100
evaluate winter:Bhind classifiers=10 attempt=1
retry winter:Bhind: Too Many Requests: Exceeded Earth Engine concurrency limit. Your project is in Restricted Mode. Learn more at https://developers.google.com/earth-engine/guides/noncommercial_tiers#restricted_mode
evaluate winter:Bhind classifiers=10 attempt=2
landed winter:Bhind samples=100
evaluate winter:Chhindwara classifiers=10 attempt=1
landed winter:Chhindwara samples=100
evaluate winter:Dhar classifiers=10 attempt=1
landed winter:Dhar samples=100
evaluate winter:Gwalior classifiers=10 attempt=1
landed winter:Gwalior samples=100
evaluate winter:Jabalpur classifiers=10 attempt=1
landed winter:Jabalpur samples=88
evaluate winter:Mandsaur classifiers=10 attempt=1
landed winter:Mandsaur samples=100
evaluate winter:Panna classifiers=10 attempt=1
landed winter:Panna samples=100
evaluate winter:Rewa classifiers=10 attempt=1
landed winter:Rewa samples=100
evaluate winter:Seoni classifiers=10 attempt=1
landed winter:Seoni samples=100
evaluate winter:Shivpuri classifiers=10 attempt=1
landed winter:Shivpuri samples=100
evaluate winter:Umaria classifiers=10 attempt=1
landed winter:Umaria samples=100
evaluate summer:Ashoknagar classifiers=10 attempt=1
landed summer:Ashoknagar samples=100
evaluate summer:Bhind classifiers=10 attempt=1
landed summer:Bhind samples=100
evaluate summer:Chhindwara classifiers=10 attempt=1
landed summer:Chhindwara samples=100
evaluate summer:Dhar classifiers=10 attempt=1
landed summer:Dhar samples=100
evaluate summer:Gwalior classifiers=10 attempt=1
landed summer:Gwalior samples=100
evaluate summer:Jabalpur classifiers=10 attempt=1
landed summer:Jabalpur samples=88
evaluate summer:Mandsaur classifiers=10 attempt=1
landed summer:Mandsaur samples=100
evaluate summer:Panna classifiers=10 attempt=1
landed summer:Panna samples=100
evaluate summer:Rewa classifiers=10 attempt=1
landed summer:Rewa samples=100
evaluate summer:Seoni classifiers=10 attempt=1
landed summer:Seoni samples=100
evaluate summer:Shivpuri classifiers=10 attempt=1
landed summer:Shivpuri samples=100
evaluate summer:Umaria classifiers=10 attempt=1
landed summer:Umaria samples=100
wrote doc/assets/mp_external_shards_v4_worker_1.json
