Google Earth Engine initialized successfully with project 'plenary-line-461306-s8'
landed winter:Anuppur masked=    916.7 km2 (45.1% of district)
landed winter:Ashoknagar masked=   3482.8 km2 (73.6% of district)
landed winter:Balaghat masked=   3373.3 km2 (36.4% of district)
landed winter:Barwani masked=   2224.6 km2 (40.9% of district)
landed winter:Betul masked=   4385.8 km2 (43.4% of district)
landed winter:Bhind masked=   3453.5 km2 (77.1% of district)
landed winter:Bhopal masked=   1871.5 km2 (68.6% of district)
landed winter:Burhanpur masked=   1302.4 km2 (40.6% of district)
landed winter:Chhatarpur masked=   5625.3 km2 (64.4% of district)
landed winter:Chhindwara masked=   5040.6 km2 (42.6% of district)
landed winter:Damoh masked=   3786.0 km2 (51.4% of district)
landed winter:Datia masked=   1954.4 km2 (77.3% of district)
landed winter:Dewas masked=   4404.4 km2 (63.2% of district)
landed winter:Dhar masked=   5304.6 km2 (65.0% of district)
landed winter:Dindori masked=   2674.2 km2 (41.1% of district)
landed winter:East Nimar masked=   4383.8 km2 (58.7% of district)
landed winter:Guna masked=   4205.6 km2 (66.6% of district)
landed winter:Gwalior masked=   2413.2 km2 (52.6% of district)
landed winter:Harda masked=   2161.0 km2 (65.0% of district)
landed winter:Hoshangabad masked=   3898.2 km2 (58.0% of district)
landed winter:Indore masked=   2763.9 km2 (70.5% of district)
landed winter:Jabalpur masked=   2338.0 km2 (58.1% of district)
landed winter:Jhabua masked=   3251.2 km2 (48.0% of district)
landed winter:Katni masked=   3518.4 km2 (57.0% of district)
landed winter:Mandla masked=   2636.1 km2 (38.8% of district)
landed winter:Mandsaur masked=   4082.3 km2 (72.3% of district)
landed winter:Morena masked=   2911.7 km2 (58.3% of district)
landed winter:Narsinghpur masked=   3097.0 km2 (60.1% of district)
landed winter:Neemuch masked=   2001.7 km2 (48.1% of district)
landed winter:Panna masked=   3312.5 km2 (46.5% of district)
landed winter:Raisen masked=   4941.0 km2 (58.0% of district)
landed winter:Rajgarh masked=   4771.6 km2 (77.8% of district)
landed winter:Ratlam masked=   3401.1 km2 (70.5% of district)
landed winter:Rewa masked=   3928.2 km2 (62.1% of district)
landed winter:Sagar masked=   6239.4 km2 (60.7% of district)
landed winter:Satna masked=   4381.5 km2 (58.3% of district)
landed winter:Sehore masked=   4661.9 km2 (70.9% of district)
landed winter:Seoni masked=   4296.2 km2 (48.9% of district)
landed winter:Shahdol masked=   3333.4 km2 (40.0% of district)
landed winter:Shajapur masked=   4961.2 km2 (78.7% of district)
landed winter:Sheopur masked=   2145.1 km2 (32.8% of district)
landed winter:Shivpuri masked=   5704.6 km2 (54.4% of district)
landed winter:Sidhi masked=   3989.8 km2 (37.7% of district)
landed winter:Tikamgarh masked=   3472.0 km2 (68.4% of district)
landed winter:Ujjain masked=   5273.3 km2 (86.5% of district)
landed winter:Umaria masked=   1412.0 km2 (37.8% of district)
landed winter:Vidisha masked=   5990.3 km2 (81.8% of district)
landed winter:West Nimar masked=   4820.0 km2 (59.8% of district)
landed summer:Anuppur masked=    885.9 km2 (43.6% of district)
landed summer:Ashoknagar masked=   3468.2 km2 (73.3% of district)
landed summer:Balaghat masked=   2869.3 km2 (30.9% of district)
landed summer:Barwani masked=   2228.3 km2 (41.0% of district)
landed summer:Betul masked=   4228.0 km2 (41.9% of district)
landed summer:Bhind masked=   3421.9 km2 (76.4% of district)
landed summer:Bhopal masked=   1868.3 km2 (68.5% of district)
landed summer:Burhanpur masked=   1296.7 km2 (40.5% of district)
landed summer:Chhatarpur masked=   5598.1 km2 (64.1% of district)
landed summer:Chhindwara masked=   4854.3 km2 (41.0% of district)
landed summer:Damoh masked=   3773.3 km2 (51.2% of district)
landed summer:Datia masked=   1934.2 km2 (76.5% of district)
landed summer:Dewas masked=   4381.9 km2 (62.8% of district)
landed summer:Dhar masked=   5295.0 km2 (64.9% of district)
landed summer:Dindori masked=   2066.2 km2 (31.8% of district)
landed summer:East Nimar masked=   3896.1 km2 (52.2% of district)
landed summer:Guna masked=   4181.0 km2 (66.3% of district)
landed summer:Gwalior masked=   2415.0 km2 (52.6% of district)
landed summer:Harda masked=   2138.5 km2 (64.4% of district)
landed summer:Hoshangabad masked=   3686.3 km2 (54.8% of district)
landed summer:Indore masked=   2750.8 km2 (70.2% of district)
Google Earth Engine initialized successfully with project 'plenary-line-461306-s8'
landed summer:Jabalpur masked=   2340.9 km2 (58.2% of district)
landed summer:Jhabua masked=   3231.1 km2 (47.7% of district)
landed summer:Katni masked=   3479.7 km2 (56.3% of district)
landed summer:Mandla masked=   2439.6 km2 (35.9% of district)
landed summer:Mandsaur masked=   4010.0 km2 (71.1% of district)
landed summer:Morena masked=   2903.7 km2 (58.1% of district)
landed summer:Narsinghpur masked=   3028.3 km2 (58.7% of district)
landed summer:Neemuch masked=   1989.4 km2 (47.8% of district)
landed summer:Panna masked=   3299.0 km2 (46.3% of district)
landed summer:Raisen masked=   4875.8 km2 (57.3% of district)
landed summer:Rajgarh masked=   4706.5 km2 (76.7% of district)
landed summer:Ratlam masked=   3393.7 km2 (70.3% of district)
landed summer:Rewa masked=   3907.5 km2 (61.8% of district)
landed summer:Sagar masked=   6204.1 km2 (60.4% of district)
landed summer:Satna masked=   4369.9 km2 (58.1% of district)
landed summer:Sehore masked=   4646.2 km2 (70.6% of district)
landed summer:Seoni masked=   4254.3 km2 (48.5% of district)
landed summer:Shahdol masked=   3008.9 km2 (36.1% of district)
landed summer:Shajapur masked=   4936.7 km2 (78.3% of district)
landed summer:Sheopur masked=   2139.8 km2 (32.7% of district)
landed summer:Shivpuri masked=   5664.3 km2 (54.0% of district)
landed summer:Sidhi masked=   3549.0 km2 (33.5% of district)
landed summer:Tikamgarh masked=   3445.3 km2 (67.9% of district)
landed summer:Ujjain masked=   5264.9 km2 (86.4% of district)
landed summer:Umaria masked=   1268.0 km2 (34.0% of district)
landed summer:Vidisha masked=   5988.1 km2 (81.8% of district)
landed summer:West Nimar masked=   4803.0 km2 (59.6% of district)
wrote /Users/ashutoshsaxena/Desktop/CODE-SEM5/Geo-Engine-Terrain-Classifier/doc/assets/mp_reference_stratum_areas.json
